// Jest Snapshot v1, https://goo.gl/fbAQLP

exports[`CustomLogCard matches snapshot 1`] = `
.panther-16 {
  background-color: #1d2a3f;
  border-radius: 4px;
  overflow: hidden;
}

.panther-15 {
  background-color: transparent;
  padding: 16px;
}

.panther-14 {
  display: -webkit-box;
  display: -webkit-flex;
  display: -ms-flexbox;
  display: flex;
  position: relative;
  height: 100%;
}

.panther-13 {
  display: -webkit-box;
  display: -webkit-flex;
  display: -ms-flexbox;
  display: flex;
  -webkit-flex-direction: column;
  -ms-flex-direction: column;
  flex-direction: column;
  -webkit-box-pack: justify;
  -webkit-justify-content: space-between;
  justify-content: space-between;
  width: 100%;
}

.panther-11 {
  display: -webkit-box;
  display: -webkit-flex;
  display: -ms-flexbox;
  display: flex;
  -webkit-align-items: flex-start;
  -webkit-box-align: flex-start;
  -ms-flex-align: flex-start;
  align-items: flex-start;
  margin-bottom: 8px;
}

.panther-1 {
  font-weight: 500;
  margin-right: auto;
  max-width: 60%;
  word-break: break-word;
}

.panther-0 {
  -webkit-transition: color 0.1s ease-out;
  transition: color 0.1s ease-out;
  font-weight: 500;
  -webkit-text-decoration: none;
  text-decoration: none;
  color: #7fd3ff;
  cursor: pointer;
}

.panther-0:hover {
  color: #ace2ff;
}

.panther-0:focus {
  color: #ace2ff;
}

.panther-0:active,
.panther-0[data-active=true] {
  color: #11a5f3;
}

.panther-4 {
  font-size: 0.75rem;
  max-width: 20%;
  overflow: hidden;
  text-overflow: ellipsis;
  white-space: nowrap;
}

.panther-2 {
  margin-right: 4px;
  color: #86a3c3;
}

.panther-3 {
  -webkit-transition: color 0.1s ease-out;
  transition: color 0.1s ease-out;
  font-weight: 500;
  -webkit-text-decoration: none;
  text-decoration: none;
  color: #7fd3ff;
}

.panther-3:hover {
  color: #ace2ff;
}

.panther-3:focus {
  color: #ace2ff;
}

.panther-3:active,
.panther-3[data-active=true] {
  color: #11a5f3;
}

.panther-5 {
  padding-left: 8px;
  padding-right: 8px;
  font-size: 0.75rem;
  color: #86a3c3;
}

.panther-10 {
  margin-left: 8px;
  margin-top: -4px;
}

.panther-9 {
  outline: none;
  line-height: 1;
  border-radius: 99999px;
  height: 24px;
  width: 24px;
  -webkit-transition: background-color 200ms cubic-bezier(0.0, 0, 0.2, 1) 0ms;
  transition: background-color 200ms cubic-bezier(0.0, 0, 0.2, 1) 0ms;
  border: 1px solid;
  border-color: transparent;
  background-color: transparent;
  cursor: pointer;
  color: #f6f6f6;
  -webkit-text-decoration: none;
  text-decoration: none;
}

.panther-9:hover {
  background-color: rgba(62,81,107,0.3);
}

.panther-9:focus {
  background-color: rgba(62,81,107,0.3);
}

.panther-9:active,
.panther-9[data-active=true] {
  background-color: #3e516b;
}

.panther-8 {
  display: inline-block;
  vertical-align: sub;
  -webkit-flex-shrink: 0;
  -ms-flex-negative: 0;
  flex-shrink: 0;
  width: 16px;
  height: 16px;
  color: currentColor;
}

.panther-12 {
  font-size: 0.75rem;
}

<div>
  <header
    id="main-header"
  />
  <section
    class="panther-16"
  >
    <div
      class="panther-15"
    >
      <div
        class="panther-14"
      >
        <div
          class="panther-13"
        >
          <header
            class="panther-11"
          >
            <h4
              class="panther-1"
            >
              <a
                class="panther-0"
                href="/log-analysis/custom-logs/Towels/"
              >
                Towels
              </a>
            </h4>
            <div
              class="panther-4"
            >
              <span
                class="panther-2"
              >
                Reference URL
              </span>
              <a
                class="panther-3"
                href="Savings Account"
                rel="noopener noreferrer"
                target="_blank"
              >
                Savings Account
              </a>
            </div>
            <span
              class="panther-5"
            >
              â€¢
            </span>
            <div
              class="panther-4"
            >
              <span
                class="panther-2"
              >
                Updated
              </span>
              Invalid Date
            </div>
            <div
              class="panther-10"
            >
              <button
                aria-controls="menu--1"
                aria-haspopup="true"
                aria-label="Toggle Options"
                aria-pressed="false"
                class="panther-9"
                data-reach-menu-button=""
                id="menu-button--menu--1"
                type="button"
              >
                <svg
                  class="panther-8"
                  role="presentation"
                  viewBox="0 0 24 24"
                >
                  <path
                    d="M6 10C4.9 10 4 10.9 4 12C4 13.1 4.9 14 6 14C7.1 14 8 13.1 8 12C8 10.9 7.1 10 6 10ZM18 10C16.9 10 16 10.9 16 12C16 13.1 16.9 14 18 14C19.1 14 20 13.1 20 12C20 10.9 19.1 10 18 10ZM12 10C10.9 10 10 10.9 10 12C10 13.1 10.9 14 12 14C13.1 14 14 13.1 14 12C14 10.9 13.1 10 12 10Z"
                  />
                </svg>
              </button>
            </div>
          </header>
          <p
            class="panther-12"
          >
            Rustic
          </p>
        </div>
      </div>
    </div>
  </section>
  <footer
    id="footer"
  />
</div>
`;
