// Jest Snapshot v1, https://goo.gl/fbAQLP

exports[`BulletedValue renders the same color for the same log type 1`] = `
.panther-2 {
  display: -webkit-box;
  display: -webkit-flex;
  display: -ms-flexbox;
  display: flex;
  -webkit-align-items: center;
  -webkit-box-align: center;
  -ms-flex-align: center;
  align-items: center;
}

.panther-2>*:not(:last-child) {
  margin-right: 8px;
}

.panther-0 {
  width: 12px;
  height: 12px;
  background-color: hsl(123, 23%, 53%);
  border-radius: 99999px;
}

.panther-1 {
  font-size: 0.75rem;
  font-weight: 400;
  line-height: 1.5;
}

<div>
  <header
    id="main-header"
  />
  <div
    class="panther-2"
  >
    <span
      class="panther-0"
    />
    <span
      class="panther-1"
    >
      AWS.EC2
    </span>
  </div>
  <footer
    id="footer"
  />
</div>
`;
