// Jest Snapshot v1, https://goo.gl/fbAQLP

exports[`NavLink could render a secondary navigation link 1`] = `
.panther-3 {
  display: block;
}

.panther-2 {
  border-radius: 2px;
  color: #f6f6f6;
  font-size: 0.813rem;
  display: -webkit-box;
  display: -webkit-flex;
  display: -ms-flexbox;
  display: flex;
  -webkit-align-items: center;
  -webkit-box-align: center;
  -ms-flex-align: center;
  align-items: center;
  padding-left: 8px;
  padding-right: 8px;
  padding-top: 12px;
  padding-bottom: 12px;
  background-color: #0081c5;
  -webkit-transition: background-color 200ms cubic-bezier(0.0, 0, 0.2, 1) 0ms;
  transition: background-color 200ms cubic-bezier(0.0, 0, 0.2, 1) 0ms;
  overflow: hidden;
  text-overflow: ellipsis;
  white-space: nowrap;
}

.panther-2:hover {
  background-color: #0081c5;
}

.panther-2:focus {
  background-color: #0081c5;
}

.panther-0 {
  display: inline-block;
  vertical-align: sub;
  -webkit-flex-shrink: 0;
  -ms-flex-negative: 0;
  flex-shrink: 0;
  width: 16px;
  height: 16px;
  color: currentColor;
  margin-right: 16px;
}



<div>
  <header
    id="main-header"
  />
  <a
    aria-current="page"
    class="panther-3"
    href="/something/"
  >
    <div
      class="panther-2"
    >
      <svg
        class="panther-0"
        role="presentation"
        viewBox="0 0 24 24"
      >
        <path
          d="M11 7H17V9H11V7ZM11 11H17V13H11V11ZM11 15H17V17H11V15ZM7 7H9V9H7V7ZM7 11H9V13H7V11ZM7 15H9V17H7V15ZM3 3V21H21V3H3ZM19 19H5V5H19V19Z"
        />
      </svg>
      <div
        class="panther-1"
      >
        alerts
      </div>
    </div>
  </a>
  <footer
    id="footer"
  />
</div>
`;
