// Jest Snapshot v1, https://goo.gl/fbAQLP

exports[`PolicyAlertCard should match snapshot 1`] = `
@keyframes animation-0 {
  0% {
    -webkit-transform: rotate(0);
    -moz-transform: rotate(0);
    -ms-transform: rotate(0);
    transform: rotate(0);
  }

  100% {
    -webkit-transform: rotate(360deg);
    -moz-transform: rotate(360deg);
    -ms-transform: rotate(360deg);
    transform: rotate(360deg);
  }
}

@keyframes animation-1 {
  0% {
    stroke-dashoffset: 600;
  }

  100% {
    stroke-dashoffset: 0;
  }
}

.panther-40 {
  background-color: #1d2a3f;
  border-radius: 4px;
  overflow: hidden;
}

.panther-39 {
  background-color: transparent;
  padding: 16px;
}

.panther-38 {
  display: -webkit-box;
  display: -webkit-flex;
  display: -ms-flexbox;
  display: flex;
  position: relative;
  height: 100%;
}

.panther-0 {
  display: -webkit-box;
  display: -webkit-flex;
  display: -ms-flexbox;
  display: flex;
  -webkit-align-items: start;
  -webkit-box-align: start;
  -ms-flex-align: start;
  align-items: start;
  padding-right: 8px;
}

.panther-37 {
  display: -webkit-box;
  display: -webkit-flex;
  display: -ms-flexbox;
  display: flex;
  -webkit-flex-direction: column;
  -ms-flex-direction: column;
  flex-direction: column;
  -webkit-box-pack: justify;
  -webkit-justify-content: space-between;
  justify-content: space-between;
  width: 100%;
}

.panther-5 {
  display: -webkit-box;
  display: -webkit-flex;
  display: -ms-flexbox;
  display: flex;
  -webkit-align-items: flex-start;
  -webkit-box-align: flex-start;
  -ms-flex-align: flex-start;
  align-items: flex-start;
  margin-bottom: 8px;
}

.panther-2 {
  font-weight: 500;
  margin-right: auto;
  max-width: 60%;
  word-break: break-word;
}

.panther-1 {
  -webkit-transition: color 0.1s ease-out;
  transition: color 0.1s ease-out;
  font-weight: 500;
  -webkit-text-decoration: none;
  text-decoration: none;
  color: #7fd3ff;
}

.panther-1:hover {
  color: #ace2ff;
}

.panther-1:focus {
  color: #ace2ff;
}

.panther-1:active,
.panther-1[data-active=true] {
  color: #11a5f3;
}

.panther-4 {
  font-size: 0.75rem;
  max-width: 20%;
  overflow: hidden;
  text-overflow: ellipsis;
  white-space: nowrap;
}

.panther-3 {
  margin-right: 4px;
  color: #86a3c3;
}

.panther-7 {
  margin-right: auto;
}

.panther-6 {
  background-color: #141c2a;
  border-radius: 2px;
  padding-left: 6px;
  padding-right: 6px;
  padding-top: 4px;
  padding-bottom: 4px;
  font-weight: 700;
  font-size: 0.625rem;
  color: #29bac6;
}

.panther-36 {
  display: grid;
  grid-gap: 8px;
  grid-template-columns: 3fr 4fr 3fr;
}



.panther-14 {
  display: -webkit-box;
  display: -webkit-flex;
  display: -ms-flexbox;
  display: flex;
  -webkit-flex-direction: column;
  -ms-flex-direction: column;
  flex-direction: column;
  margin-top: 8px;
}

.panther-8 {
  color: #bdbdbd;
  font-size: 0.563rem;
  font-weight: 500;
}

.panther-13 {
  display: -webkit-inline-box;
  display: -webkit-inline-flex;
  display: -ms-inline-flexbox;
  display: inline-flex;
  -webkit-box-flex: 1;
  -webkit-flex-grow: 1;
  -ms-flex-positive: 1;
  flex-grow: 1;
  font-size: 0.875rem;
  font-weight: 500;
  opacity: 1;
  -webkit-align-items: center;
  -webkit-box-align: center;
  -ms-flex-align: center;
  align-items: center;
  min-height: 24px;
}

.panther-12 {
  display: -webkit-box;
  display: -webkit-flex;
  display: -ms-flexbox;
  display: flex;
  -webkit-align-items: center;
  -webkit-box-align: center;
  -ms-flex-align: center;
  align-items: center;
}

.panther-12>*:not(:last-child) {
  margin-right: 8px;
}

.panther-9 {
  max-width: 250px;
  -webkit-align-items: center;
  -webkit-box-align: center;
  -ms-flex-align: center;
  align-items: center;
  overflow: hidden;
  text-overflow: ellipsis;
  white-space: nowrap;
}

.panther-11 {
  display: -webkit-box;
  display: -webkit-flex;
  display: -ms-flexbox;
  display: flex;
  -webkit-box-pack: center;
  -ms-flex-pack: center;
  -webkit-justify-content: center;
  justify-content: center;
  -webkit-align-items: center;
  -webkit-box-align: center;
  -ms-flex-align: center;
  align-items: center;
  width: 24px;
  height: 24px;
  background-color: #4f627c;
  border-color: #4f627c;
  border-radius: 99999px;
}

.panther-11:hover {
  background-color: #11a5f3;
  border-color: #11a5f3;
}

.panther-10 {
  display: inline-block;
  vertical-align: sub;
  -webkit-flex-shrink: 0;
  -ms-flex-negative: 0;
  flex-shrink: 0;
  width: 12px;
  height: 12px;
  color: currentColor;
}

.panther-20 {
  display: -webkit-box;
  display: -webkit-flex;
  display: -ms-flexbox;
  display: flex;
  -webkit-align-items: center;
  -webkit-box-align: center;
  -ms-flex-align: center;
  align-items: center;
  -webkit-box-flex-wrap: wrap;
  -webkit-flex-wrap: wrap;
  -ms-flex-wrap: wrap;
  flex-wrap: wrap;
}

.panther-20>*:not(:last-child) {
  margin-right: 8px;
}

.panther-17 {
  width: 12px;
  height: 12px;
  background-color: hsl(159, 29%, 39%);
  border-radius: 99999px;
}

.panther-18 {
  font-size: 0.75rem;
  font-weight: 400;
  line-height: 1.5;
}

.panther-35 {
  display: -webkit-box;
  display: -webkit-flex;
  display: -ms-flexbox;
  display: flex;
  -webkit-align-items: flex-end;
  -webkit-box-align: flex-end;
  -ms-flex-align: flex-end;
  align-items: flex-end;
}

.panther-34 {
  display: -webkit-box;
  display: -webkit-flex;
  display: -ms-flexbox;
  display: flex;
  -webkit-box-pack: end;
  -ms-flex-pack: end;
  -webkit-justify-content: flex-end;
  justify-content: flex-end;
  -webkit-align-items: center;
  -webkit-box-align: center;
  -ms-flex-align: center;
  align-items: center;
  width: 100%;
}

.panther-34>*:not(:last-child) {
  margin-right: 8px;
}

.panther-25 {
  height: 18px;
}

.panther-24 {
  display: inline-block;
  vertical-align: sub;
  -webkit-animation: animation-0 2s linear infinite;
  animation: animation-0 2s linear infinite;
  width: 18px;
  height: 18px;
}

.panther-23 {
  stroke-dashoffset: 600;
  stroke-dasharray: 300;
  stroke-width: 13;
  stroke-miterlimit: 10;
  stroke-linecap: round;
  -webkit-animation: animation-1 1.6s cubic-bezier(0.4, 0.15, 0.6, 0.85) infinite;
  animation: animation-1 1.6s cubic-bezier(0.4, 0.15, 0.6, 0.85) infinite;
  stroke: currentColor;
  fill: transparent;
}

.panther-26 {
  border: none;
  opacity: 0.6;
  border-left: 0.0625rem solid;
  height: auto;
  margin-left: 0;
  margin-right: 0;
  border-color: inherit;
  -webkit-align-self: stretch;
  -ms-flex-item-align: stretch;
  align-self: stretch;
}

.panther-27 {
  display: -webkit-box;
  display: -webkit-flex;
  display: -ms-flexbox;
  display: flex;
  cursor: default;
  width: -webkit-fit-content;
  width: -moz-fit-content;
  width: fit-content;
  min-width: 85px;
  text-align: center;
  font-weight: 700;
  border-radius: 40px;
  -webkit-align-items: center;
  -webkit-box-align: center;
  -ms-flex-align: center;
  align-items: center;
  -webkit-box-pack: center;
  -ms-flex-pack: center;
  -webkit-justify-content: center;
  justify-content: center;
  font-size: 0.75rem;
  padding-top: 4px;
  padding-bottom: 4px;
  padding-left: 16px;
  padding-right: 16px;
  border: 1px solid;
  border-color: #ffa500;
  background-color: transparent;
}

.panther-33 {
  display: -webkit-box;
  display: -webkit-flex;
  display: -ms-flexbox;
  display: flex;
  -webkit-box-pack: center;
  -ms-flex-pack: center;
  -webkit-justify-content: center;
  justify-content: center;
  -webkit-align-items: center;
  -webkit-box-align: center;
  -ms-flex-align: center;
  align-items: center;
}

.panther-33>*:not(:last-child) {
  margin-right: 4px;
}

.panther-29 {
  display: -webkit-box;
  display: -webkit-flex;
  display: -ms-flexbox;
  display: flex;
  width: 85px;
}

.panther-28 {
  display: -webkit-box;
  display: -webkit-flex;
  display: -ms-flexbox;
  display: flex;
  cursor: default;
  width: -webkit-fit-content;
  width: -moz-fit-content;
  width: fit-content;
  min-width: 85px;
  text-align: center;
  font-weight: 700;
  border-radius: 40px;
  -webkit-align-items: center;
  -webkit-box-align: center;
  -ms-flex-align: center;
  align-items: center;
  -webkit-box-pack: center;
  -ms-flex-pack: center;
  -webkit-justify-content: center;
  justify-content: center;
  font-size: 0.75rem;
  padding-top: 4px;
  padding-bottom: 4px;
  padding-left: 16px;
  padding-right: 16px;
  background-color: #6e3078;
}

.panther-32 {
  display: -webkit-inline-box;
  display: -webkit-inline-flex;
  display: -ms-inline-flexbox;
  display: inline-flex;
}

.panther-31 {
  outline: none;
  line-height: 1;
  border-radius: 99999px;
  height: 24px;
  width: 24px;
  -webkit-transition: border-color 200ms cubic-bezier(0.0, 0, 0.2, 1) 0ms,background-color 200ms cubic-bezier(0.0, 0, 0.2, 1) 0ms;
  transition: border-color 200ms cubic-bezier(0.0, 0, 0.2, 1) 0ms,background-color 200ms cubic-bezier(0.0, 0, 0.2, 1) 0ms;
  border: 1px solid;
  border-color: #3e516b;
  background-color: transparent;
  cursor: pointer;
  color: #f6f6f6;
  -webkit-text-decoration: none;
  text-decoration: none;
}

.panther-31:hover {
  background-color: #465973;
  border-color: #465973;
}

.panther-31:focus {
  background-color: #465973;
  border-color: #93a6c0;
}

.panther-31:active,
.panther-31[data-active=true] {
  background-color: #253852;
  border-color: #253852;
}

.panther-30 {
  display: inline-block;
  vertical-align: sub;
  -webkit-flex-shrink: 0;
  -ms-flex-negative: 0;
  flex-shrink: 0;
  width: 16px;
  height: 16px;
  color: currentColor;
}

<div>
  <header
    id="main-header"
  />
  <section
    class="panther-40"
  >
    <div
      class="panther-39"
    >
      <div
        class="panther-38"
      >
        <div
          class="panther-0"
        />
        <div
          class="panther-37"
        >
          <header
            class="panther-5"
          >
            <h4
              class="panther-2"
            >
              <a
                aria-label="Link to Alert"
                class="panther-1"
                href="/log-analysis/alerts/f67b8f04-5fac-404a-93a4-38db29f258ba/"
              >
                indexing
              </a>
            </h4>
            <div
              aria-label="Creation time for f67b8f04-5fac-404a-93a4-38db29f258ba"
              class="panther-4"
            >
              <span
                class="panther-3"
              >
                Created
              </span>
              2020-08-08 12:15 GMT
            </div>
          </header>
          <div
            class="panther-7"
          >
            <div
              class="panther-6"
            >
              POLICY FAIL
            </div>
          </div>
          <div
            class="panther-36"
          >
            <div
              class="panther-15"
            >
              <dl
                class="panther-14"
              >
                <dt
                  aria-labelledby="policyobject-object"
                  class="panther-8"
                >
                  Policy
                </dt>
                <dd
                  aria-labelledby="policyobject-object"
                  class="panther-13"
                >
                  <div
                    class="panther-12"
                  >
                    <span
                      class="panther-9"
                    >
                      a68babd7-7c1c-4dee-a33e-b8009e6d8017
                    </span>
                    <a
                      aria-label="Link to policy a68babd7-7c1c-4dee-a33e-b8009e6d8017"
                      href="/detections/policies/a68babd7-7c1c-4dee-a33e-b8009e6d8017/"
                    >
                      <div
                        class="panther-11"
                      >
                        <svg
                          class="panther-10"
                          role="presentation"
                          viewBox="0 0 24 24"
                        >
                          <path
                            d="M12 4L10.59 5.41L16.17 11H4V13H16.17L10.59 18.59L12 20L20 12L12 4Z"
                          />
                        </svg>
                      </div>
                    </a>
                  </div>
                </dd>
              </dl>
            </div>
            <dl
              class="panther-14"
            >
              <dt
                aria-labelledby="resource-typesobject-object"
                class="panther-8"
              >
                Resource Types
              </dt>
              <dd
                aria-labelledby="resource-typesobject-object"
                class="panther-13"
              >
                <div
                  class="panther-20"
                >
                  <div
                    class="panther-12"
                  >
                    <span
                      class="panther-17"
                    />
                    <span
                      class="panther-18"
                    >
                      brand
                    </span>
                  </div>
                </div>
              </dd>
            </dl>
            <div
              class="panther-35"
            >
              <div
                class="panther-34"
              >
                <div
                  class="panther-25"
                >
                  <svg
                    aria-label="Loading..."
                    class="panther-24"
                    viewBox="0 0 150 150"
                  >
                    <circle
                      class="panther-23"
                      color="current"
                      cx="75"
                      cy="75"
                      r="60"
                    />
                  </svg>
                </div>
                <hr
                  aria-orientation="vertical"
                  class="panther-26"
                />
                <div
                  aria-atomic="true"
                  class="panther-27"
                  role="status"
                >
                  MEDIUM
                </div>
                <div
                  class="panther-33"
                >
                  <div
                    class="panther-29"
                  >
                    <div
                      aria-atomic="true"
                      class="panther-28"
                      role="status"
                    >
                      TRIAGED
                    </div>
                  </div>
                  <div
                    aria-controls="menu--1"
                    aria-haspopup="true"
                    class="panther-32"
                    data-reach-menu-button=""
                    id="menu-button--menu--1"
                    type="button"
                  >
                    <button
                      aria-label="Change Alert Status"
                      aria-pressed="false"
                      class="panther-31"
                      type="button"
                    >
                      <svg
                        class="panther-30"
                        role="presentation"
                        viewBox="0 0 24 24"
                      >
                        <path
                          d="M7 10L12 15L17 10H7Z"
                        />
                      </svg>
                    </button>
                  </div>
                </div>
              </div>
            </div>
          </div>
        </div>
      </div>
    </div>
  </section>
  <footer
    id="footer"
  />
</div>
`;
