// Jest Snapshot v1, https://goo.gl/fbAQLP

exports[`Generic Destination Card should match snapshot 1`] = `
.panther-18 {
  background-color: #1d2a3f;
  border-radius: 4px;
  overflow: hidden;
}

.panther-17 {
  background-color: transparent;
  padding: 16px;
}

.panther-16 {
  display: -webkit-box;
  display: -webkit-flex;
  display: -ms-flexbox;
  display: flex;
  position: relative;
  height: 100%;
}

.panther-0 {
  max-width: 100%;
  margin-right: 20px;
}

.panther-15 {
  display: -webkit-box;
  display: -webkit-flex;
  display: -ms-flexbox;
  display: flex;
  -webkit-flex-direction: column;
  -ms-flex-direction: column;
  flex-direction: column;
  -webkit-box-pack: justify;
  -webkit-justify-content: space-between;
  justify-content: space-between;
  width: 100%;
}

.panther-8 {
  display: -webkit-box;
  display: -webkit-flex;
  display: -ms-flexbox;
  display: flex;
  -webkit-align-items: flex-start;
  -webkit-box-align: flex-start;
  -ms-flex-align: flex-start;
  align-items: flex-start;
  margin-bottom: 8px;
}

.panther-2 {
  font-weight: 500;
  margin-right: auto;
  max-width: 60%;
  word-break: break-word;
}

.panther-1 {
  -webkit-transition: color 0.1s ease-out;
  transition: color 0.1s ease-out;
  font-weight: 500;
  -webkit-text-decoration: none;
  text-decoration: none;
  color: #7fd3ff;
}

.panther-1:hover {
  color: #ace2ff;
}

.panther-1:focus {
  color: #ace2ff;
}

.panther-1:active,
.panther-1[data-active=true] {
  color: #11a5f3;
}

.panther-4 {
  font-size: 0.75rem;
  max-width: 20%;
  overflow: hidden;
  text-overflow: ellipsis;
  white-space: nowrap;
}

.panther-3 {
  margin-right: 4px;
  color: #86a3c3;
}

.panther-7 {
  margin-left: 8px;
  margin-top: -4px;
}

.panther-6 {
  outline: none;
  line-height: 1;
  border-radius: 99999px;
  height: 24px;
  width: 24px;
  -webkit-transition: background-color 200ms cubic-bezier(0.0, 0, 0.2, 1) 0ms;
  transition: background-color 200ms cubic-bezier(0.0, 0, 0.2, 1) 0ms;
  border: 1px solid;
  border-color: transparent;
  background-color: transparent;
  cursor: pointer;
  color: #f6f6f6;
  -webkit-text-decoration: none;
  text-decoration: none;
}

.panther-6:hover {
  background-color: rgba(62,81,107,0.3);
}

.panther-6:focus {
  background-color: rgba(62,81,107,0.3);
}

.panther-6:active,
.panther-6[data-active=true] {
  background-color: #3e516b;
}

.panther-5 {
  display: inline-block;
  vertical-align: sub;
  -webkit-flex-shrink: 0;
  -ms-flex-negative: 0;
  flex-shrink: 0;
  width: 16px;
  height: 16px;
  color: currentColor;
}

.panther-14 {
  display: -webkit-box;
  display: -webkit-flex;
  display: -ms-flexbox;
  display: flex;
  -webkit-box-flex-wrap: wrap;
  -webkit-flex-wrap: wrap;
  -ms-flex-wrap: wrap;
  flex-wrap: wrap;
}

.panther-14>*:not(:last-child) {
  margin-right: 32px;
}

.panther-11 {
  display: -webkit-box;
  display: -webkit-flex;
  display: -ms-flexbox;
  display: flex;
  -webkit-flex-direction: column;
  -ms-flex-direction: column;
  flex-direction: column;
  margin-top: 8px;
}

.panther-9 {
  color: #bdbdbd;
  font-size: 0.563rem;
  font-weight: 500;
}

.panther-10 {
  display: -webkit-inline-box;
  display: -webkit-inline-flex;
  display: -ms-inline-flexbox;
  display: inline-flex;
  -webkit-box-flex: 1;
  -webkit-flex-grow: 1;
  -ms-flex-positive: 1;
  flex-grow: 1;
  font-size: 0.875rem;
  font-weight: 500;
  opacity: 1;
  -webkit-align-items: center;
  -webkit-box-align: center;
  -ms-flex-align: center;
  align-items: center;
  min-height: 24px;
}

.panther-13 {
  display: -webkit-box;
  display: -webkit-flex;
  display: -ms-flexbox;
  display: flex;
  -webkit-align-items: flex-end;
  -webkit-box-align: flex-end;
  -ms-flex-align: flex-end;
  align-items: flex-end;
  margin-left: auto;
  margin-right: 0;
  margin-top: 16px;
}

.panther-13>*:not(:last-child) {
  margin-right: 8px;
}

.panther-12 {
  display: -webkit-box;
  display: -webkit-flex;
  display: -ms-flexbox;
  display: flex;
  cursor: default;
  width: -webkit-fit-content;
  width: -moz-fit-content;
  width: fit-content;
  min-width: 85px;
  text-align: center;
  font-weight: 700;
  border-radius: 40px;
  -webkit-align-items: center;
  -webkit-box-align: center;
  -ms-flex-align: center;
  align-items: center;
  -webkit-box-pack: center;
  -ms-flex-pack: center;
  -webkit-justify-content: center;
  justify-content: center;
  font-size: 0.75rem;
  padding-top: 4px;
  padding-bottom: 4px;
  padding-left: 16px;
  padding-right: 16px;
  border: 1px solid;
  border-color: #c82727;
  background-color: transparent;
}

<div>
  <header
    id="main-header"
  />
  <section
    class="panther-18"
  >
    <div
      class="panther-17"
    >
      <div
        class="panther-16"
      >
        <img
          alt="Logo"
          class="panther-0"
          height="20"
          src="test-file-stub"
          width="20"
        />
        <div
          class="panther-15"
        >
          <header
            class="panther-8"
          >
            <h4
              class="panther-2"
            >
              <a
                class="panther-1"
                href="/integrations/destinations/8c0eb672-b7bb-4ef0-9d96-a2bc1abe94d7/edit/"
              >
                Accountability
              </a>
            </h4>
            <div
              class="panther-4"
            >
              <span
                class="panther-3"
              >
                Updated
              </span>
              2020-07-05 06:23 GMT
            </div>
            <div
              class="panther-7"
            >
              <button
                aria-controls="menu--1"
                aria-haspopup="true"
                aria-label="Toggle Options"
                aria-pressed="false"
                class="panther-6"
                data-reach-menu-button=""
                id="menu-button--menu--1"
                type="button"
              >
                <svg
                  class="panther-5"
                  role="presentation"
                  viewBox="0 0 24 24"
                >
                  <path
                    d="M6 10C4.9 10 4 10.9 4 12C4 13.1 4.9 14 6 14C7.1 14 8 13.1 8 12C8 10.9 7.1 10 6 10ZM18 10C16.9 10 16 10.9 16 12C16 13.1 16.9 14 18 14C19.1 14 20 13.1 20 12C20 10.9 19.1 10 18 10ZM12 10C10.9 10 10 10.9 10 12C10 13.1 10.9 14 12 14C13.1 14 14 13.1 14 12C14 10.9 13.1 10 12 10Z"
                  />
                </svg>
              </button>
            </div>
          </header>
          <div
            class="panther-14"
          >
            <dl
              class="panther-11"
            >
              <dt
                aria-labelledby="alert-typespolicy-failures"
                class="panther-9"
              >
                Alert Types
              </dt>
              <dd
                aria-labelledby="alert-typespolicy-failures"
                class="panther-10"
              >
                Policy Failures
              </dd>
            </dl>
            A children
            <div
              class="panther-13"
            >
              <div
                aria-atomic="true"
                class="panther-12"
                role="status"
              >
                CRITICAL
              </div>
            </div>
          </div>
        </div>
      </div>
    </div>
  </section>
  <footer
    id="footer"
  />
</div>
`;
