// Jest Snapshot v1, https://goo.gl/fbAQLP

exports[`PolicyAlert - AlertDetailsBanner renders 1`] = `
.panther-25 {
  background-color: #23344e;
  border-radius: 4px;
  padding: 24px;
  overflow: hidden;
  border-left: 4px solid;
  border-color: #29bac6;
}

.panther-11 {
  display: -webkit-box;
  display: -webkit-flex;
  display: -ms-flexbox;
  display: flex;
  -webkit-align-items: center;
  -webkit-box-align: center;
  -ms-flex-align: center;
  align-items: center;
}

.panther-0 {
  font-weight: 700;
  font-size: 1.5rem;
  word-break: break-word;
  -webkit-flex-shrink: 1;
  -ms-flex-negative: 1;
  flex-shrink: 1;
  margin-right: 100px;
}

.panther-10 {
  display: -webkit-box;
  display: -webkit-flex;
  display: -ms-flexbox;
  display: flex;
  -webkit-flex-shrink: 0;
  -ms-flex-negative: 0;
  flex-shrink: 0;
  margin-left: auto;
}

.panther-10>*:not(:last-child) {
  margin-right: 8px;
}



.panther-1 {
  display: -webkit-box;
  display: -webkit-flex;
  display: -ms-flexbox;
  display: flex;
  cursor: default;
  width: -webkit-fit-content;
  width: -moz-fit-content;
  width: fit-content;
  min-width: 85px;
  text-align: center;
  font-weight: 700;
  border-radius: 40px;
  -webkit-align-items: center;
  -webkit-box-align: center;
  -ms-flex-align: center;
  align-items: center;
  -webkit-box-pack: center;
  -ms-flex-pack: center;
  -webkit-justify-content: center;
  justify-content: center;
  font-size: 0.75rem;
  padding-top: 4px;
  padding-bottom: 4px;
  padding-left: 16px;
  padding-right: 16px;
  border: 1px solid;
  border-color: #c82727;
  background-color: transparent;
}

.panther-8 {
  display: -webkit-box;
  display: -webkit-flex;
  display: -ms-flexbox;
  display: flex;
  -webkit-box-pack: center;
  -ms-flex-pack: center;
  -webkit-justify-content: center;
  justify-content: center;
  -webkit-align-items: center;
  -webkit-box-align: center;
  -ms-flex-align: center;
  align-items: center;
}

.panther-8>*:not(:last-child) {
  margin-right: 4px;
}

.panther-4 {
  display: -webkit-box;
  display: -webkit-flex;
  display: -ms-flexbox;
  display: flex;
  width: 85px;
}

.panther-3 {
  display: -webkit-box;
  display: -webkit-flex;
  display: -ms-flexbox;
  display: flex;
  cursor: default;
  width: -webkit-fit-content;
  width: -moz-fit-content;
  width: fit-content;
  min-width: 85px;
  text-align: center;
  font-weight: 700;
  border-radius: 40px;
  -webkit-align-items: center;
  -webkit-box-align: center;
  -ms-flex-align: center;
  align-items: center;
  -webkit-box-pack: center;
  -ms-flex-pack: center;
  -webkit-justify-content: center;
  justify-content: center;
  font-size: 0.75rem;
  padding-top: 4px;
  padding-bottom: 4px;
  padding-left: 16px;
  padding-right: 16px;
  background-color: #3e516b;
}

.panther-7 {
  display: -webkit-inline-box;
  display: -webkit-inline-flex;
  display: -ms-inline-flexbox;
  display: inline-flex;
}

.panther-6 {
  outline: none;
  line-height: 1;
  border-radius: 99999px;
  height: 24px;
  width: 24px;
  -webkit-transition: border-color 200ms cubic-bezier(0.0, 0, 0.2, 1) 0ms,background-color 200ms cubic-bezier(0.0, 0, 0.2, 1) 0ms;
  transition: border-color 200ms cubic-bezier(0.0, 0, 0.2, 1) 0ms,background-color 200ms cubic-bezier(0.0, 0, 0.2, 1) 0ms;
  border: 1px solid;
  border-color: #3e516b;
  background-color: transparent;
  cursor: pointer;
  color: #f6f6f6;
  -webkit-text-decoration: none;
  text-decoration: none;
}

.panther-6:hover {
  background-color: #465973;
  border-color: #465973;
}

.panther-6:focus {
  background-color: #465973;
  border-color: #93a6c0;
}

.panther-6:active,
.panther-6[data-active=true] {
  background-color: #253852;
  border-color: #253852;
}

.panther-5 {
  display: inline-block;
  vertical-align: sub;
  -webkit-flex-shrink: 0;
  -ms-flex-negative: 0;
  flex-shrink: 0;
  width: 16px;
  height: 16px;
  color: currentColor;
}

.panther-24 {
  display: -webkit-box;
  display: -webkit-flex;
  display: -ms-flexbox;
  display: flex;
  -webkit-box-flex-wrap: wrap;
  -webkit-flex-wrap: wrap;
  -ms-flex-wrap: wrap;
  flex-wrap: wrap;
  font-size: 0.813rem;
  padding-top: 20px;
}

.panther-24>*:not(:last-child) {
  margin-right: 32px;
}

.panther-14 {
  display: -webkit-box;
  display: -webkit-flex;
  display: -ms-flexbox;
  display: flex;
}

.panther-12 {
  color: #86a3c3;
  padding-right: 8px;
}

.panther-13 {
  font-weight: 700;
  color: #29bac6;
}

.panther-16 {
  font-weight: 700;
}

.panther-22 {
  display: -webkit-box;
  display: -webkit-flex;
  display: -ms-flexbox;
  display: flex;
  -webkit-align-items: center;
  -webkit-box-align: center;
  -ms-flex-align: center;
  align-items: center;
}

.panther-22>*:not(:last-child) {
  margin-right: 24px;
}

.panther-21 {
  display: -webkit-box;
  display: -webkit-flex;
  display: -ms-flexbox;
  display: flex;
  -webkit-align-items: center;
  -webkit-box-align: center;
  -ms-flex-align: center;
  align-items: center;
}

.panther-21>*:not(:last-child) {
  margin-right: 8px;
}

.panther-19 {
  width: 12px;
  height: 12px;
  background-color: hsl(159, 29%, 39%);
  border-radius: 99999px;
}

.panther-20 {
  font-size: 0.75rem;
  font-weight: 400;
  line-height: 1.5;
}

<div>
  <header
    id="main-header"
  />
  <article
    class="panther-25"
  >
    <header
      class="panther-11"
    >
      <h1
        class="panther-0"
      >
        Steel
      </h1>
      <ul
        class="panther-10"
      >
        <li
          class="panther-2"
        >
          <div
            aria-atomic="true"
            class="panther-1"
            role="status"
          >
            CRITICAL
          </div>
        </li>
        <li
          class="panther-2"
        >
          <div
            class="panther-8"
          >
            <div
              class="panther-4"
            >
              <div
                aria-atomic="true"
                class="panther-3"
                role="status"
              >
                INVALID
              </div>
            </div>
            <div
              aria-controls="menu--1"
              aria-haspopup="true"
              class="panther-7"
              data-reach-menu-button=""
              id="menu-button--menu--1"
              type="button"
            >
              <button
                aria-label="Change Alert Status"
                aria-pressed="false"
                class="panther-6"
                type="button"
              >
                <svg
                  class="panther-5"
                  role="presentation"
                  viewBox="0 0 24 24"
                >
                  <path
                    d="M7 10L12 15L17 10H7Z"
                  />
                </svg>
              </button>
            </div>
          </div>
        </li>
      </ul>
    </header>
    <dl
      class="panther-24"
    >
      <div
        class="panther-14"
      >
        <dt
          class="panther-12"
        >
          Alert Type
        </dt>
        <dd
          class="panther-13"
        >
          Policy Fail
        </dd>
      </div>
      <div
        class="panther-14"
      >
        <dt
          class="panther-12"
        >
          Alert ID
        </dt>
        <dd
          class="panther-16"
        >
          2c5aa76d-eb43-49f0-a65c-50e4daa756a4
        </dd>
      </div>
      <div
        class="panther-14"
      >
        <dt
          class="panther-12"
        >
          Resource Types
        </dt>
        <dd
          class="panther-22"
        >
          <div
            class="panther-21"
          >
            <span
              class="panther-19"
            />
            <span
              class="panther-20"
            >
              brand
            </span>
          </div>
        </dd>
      </div>
    </dl>
  </article>
  <footer
    id="footer"
  />
</div>
`;
