// Jest Snapshot v1, https://goo.gl/fbAQLP

exports[`DataModelCard matches snapshot 1`] = `
.panther-23 {
  background-color: #1d2a3f;
  border-radius: 4px;
  overflow: hidden;
}

.panther-22 {
  background-color: transparent;
  padding: 16px;
}

.panther-21 {
  display: -webkit-box;
  display: -webkit-flex;
  display: -ms-flexbox;
  display: flex;
  position: relative;
  height: 100%;
}

.panther-20 {
  display: -webkit-box;
  display: -webkit-flex;
  display: -ms-flexbox;
  display: flex;
  -webkit-flex-direction: column;
  -ms-flex-direction: column;
  flex-direction: column;
  -webkit-box-pack: justify;
  -webkit-justify-content: space-between;
  justify-content: space-between;
  width: 100%;
}

.panther-10 {
  display: -webkit-box;
  display: -webkit-flex;
  display: -ms-flexbox;
  display: flex;
  -webkit-align-items: flex-start;
  -webkit-box-align: flex-start;
  -ms-flex-align: flex-start;
  align-items: flex-start;
  margin-bottom: 8px;
}

.panther-1 {
  font-weight: 500;
  margin-right: auto;
  max-width: 60%;
  word-break: break-word;
}

.panther-0 {
  -webkit-transition: color 0.1s ease-out;
  transition: color 0.1s ease-out;
  font-weight: 500;
  -webkit-text-decoration: none;
  text-decoration: none;
  color: #7fd3ff;
}

.panther-0:hover {
  color: #ace2ff;
}

.panther-0:focus {
  color: #ace2ff;
}

.panther-0:active,
.panther-0[data-active=true] {
  color: #11a5f3;
}

.panther-3 {
  font-size: 0.75rem;
  max-width: 20%;
  overflow: hidden;
  text-overflow: ellipsis;
  white-space: nowrap;
}

.panther-2 {
  margin-right: 4px;
  color: #86a3c3;
}

.panther-4 {
  padding-left: 8px;
  padding-right: 8px;
  font-size: 0.75rem;
  color: #86a3c3;
}

.panther-9 {
  margin-left: 8px;
  margin-top: -4px;
}

.panther-8 {
  outline: none;
  line-height: 1;
  border-radius: 99999px;
  height: 24px;
  width: 24px;
  -webkit-transition: background-color 200ms cubic-bezier(0.0, 0, 0.2, 1) 0ms;
  transition: background-color 200ms cubic-bezier(0.0, 0, 0.2, 1) 0ms;
  border: 1px solid;
  border-color: transparent;
  background-color: transparent;
  cursor: pointer;
  color: #f6f6f6;
  -webkit-text-decoration: none;
  text-decoration: none;
}

.panther-8:hover {
  background-color: rgba(62,81,107,0.3);
}

.panther-8:focus {
  background-color: rgba(62,81,107,0.3);
}

.panther-8:active,
.panther-8[data-active=true] {
  background-color: #3e516b;
}

.panther-7 {
  display: inline-block;
  vertical-align: sub;
  -webkit-flex-shrink: 0;
  -ms-flex-negative: 0;
  flex-shrink: 0;
  width: 16px;
  height: 16px;
  color: currentColor;
}

.panther-19 {
  display: -webkit-box;
  display: -webkit-flex;
  display: -ms-flexbox;
  display: flex;
  -webkit-box-flex-wrap: wrap;
  -webkit-flex-wrap: wrap;
  -ms-flex-wrap: wrap;
  flex-wrap: wrap;
}

.panther-19>*:not(:last-child) {
  margin-right: 32px;
}

.panther-16 {
  display: -webkit-box;
  display: -webkit-flex;
  display: -ms-flexbox;
  display: flex;
  -webkit-flex-direction: column;
  -ms-flex-direction: column;
  flex-direction: column;
  margin-top: 8px;
}

.panther-11 {
  color: #bdbdbd;
  font-size: 0.563rem;
  font-weight: 500;
}

.panther-15 {
  display: -webkit-inline-box;
  display: -webkit-inline-flex;
  display: -ms-inline-flexbox;
  display: inline-flex;
  -webkit-box-flex: 1;
  -webkit-flex-grow: 1;
  -ms-flex-positive: 1;
  flex-grow: 1;
  font-size: 0.875rem;
  font-weight: 500;
  opacity: 1;
  -webkit-align-items: center;
  -webkit-box-align: center;
  -ms-flex-align: center;
  align-items: center;
  min-height: 24px;
}

.panther-14 {
  display: -webkit-box;
  display: -webkit-flex;
  display: -ms-flexbox;
  display: flex;
  -webkit-align-items: center;
  -webkit-box-align: center;
  -ms-flex-align: center;
  align-items: center;
}

.panther-14>*:not(:last-child) {
  margin-right: 8px;
}

.panther-12 {
  width: 12px;
  height: 12px;
  background-color: hsl(49, 39%, 69%);
  border-radius: 99999px;
}

.panther-13 {
  font-size: 0.75rem;
  font-weight: 400;
  line-height: 1.5;
}

.panther-18 {
  display: -webkit-box;
  display: -webkit-flex;
  display: -ms-flexbox;
  display: flex;
  -webkit-align-items: flex-end;
  -webkit-box-align: flex-end;
  -ms-flex-align: flex-end;
  align-items: flex-end;
  margin-left: auto;
  margin-right: 0;
}

.panther-18>*:not(:last-child) {
  margin-right: 16px;
}

.panther-17 {
  display: -webkit-box;
  display: -webkit-flex;
  display: -ms-flexbox;
  display: flex;
  cursor: default;
  width: -webkit-fit-content;
  width: -moz-fit-content;
  width: fit-content;
  min-width: 85px;
  text-align: center;
  font-weight: 700;
  border-radius: 40px;
  -webkit-align-items: center;
  -webkit-box-align: center;
  -ms-flex-align: center;
  align-items: center;
  -webkit-box-pack: center;
  -ms-flex-pack: center;
  -webkit-justify-content: center;
  justify-content: center;
  font-size: 0.75rem;
  padding-top: 4px;
  padding-bottom: 4px;
  padding-left: 16px;
  padding-right: 16px;
  background-color: #3e516b;
}

<div>
  <header
    id="main-header"
  />
  <section
    class="panther-23"
  >
    <div
      class="panther-22"
    >
      <div
        class="panther-21"
      >
        <div
          class="panther-20"
        >
          <header
            class="panther-10"
          >
            <h4
              class="panther-1"
            >
              <a
                class="panther-0"
                href="/log-analysis/data-models/97c37f76-8bd8-4def-b4ab-7bfe83d62081/"
              >
                collaboration
              </a>
            </h4>
            <div
              class="panther-3"
            >
              <span
                class="panther-2"
              >
                ID
              </span>
              97c37f76-8bd8-4def-b4ab-7bfe83d62081
            </div>
            <span
              class="panther-4"
            >
              â€¢
            </span>
            <div
              class="panther-3"
            >
              <span
                class="panther-2"
              >
                Updated
              </span>
              2020-08-20 04:58 GMT
            </div>
            <div
              class="panther-9"
            >
              <button
                aria-controls="menu--1"
                aria-haspopup="true"
                aria-label="Toggle Options"
                aria-pressed="false"
                class="panther-8"
                data-reach-menu-button=""
                id="menu-button--menu--1"
                type="button"
              >
                <svg
                  class="panther-7"
                  role="presentation"
                  viewBox="0 0 24 24"
                >
                  <path
                    d="M6 10C4.9 10 4 10.9 4 12C4 13.1 4.9 14 6 14C7.1 14 8 13.1 8 12C8 10.9 7.1 10 6 10ZM18 10C16.9 10 16 10.9 16 12C16 13.1 16.9 14 18 14C19.1 14 20 13.1 20 12C20 10.9 19.1 10 18 10ZM12 10C10.9 10 10 10.9 10 12C10 13.1 10.9 14 12 14C13.1 14 14 13.1 14 12C14 10.9 13.1 10 12 10Z"
                  />
                </svg>
              </button>
            </div>
          </header>
          <div
            class="panther-19"
          >
            <dl
              class="panther-16"
            >
              <dt
                aria-labelledby="log-typeobject-object"
                class="panther-11"
              >
                Log Type
              </dt>
              <dd
                aria-labelledby="log-typeobject-object"
                class="panther-15"
              >
                <div
                  class="panther-14"
                >
                  <span
                    class="panther-12"
                  />
                  <span
                    class="panther-13"
                  >
                    enterprise
                  </span>
                </div>
              </dd>
            </dl>
            <div
              class="panther-18"
            >
              <div
                aria-atomic="true"
                class="panther-17"
                role="status"
              >
                DISABLED
              </div>
            </div>
          </div>
        </div>
      </div>
    </div>
  </section>
  <footer
    id="footer"
  />
</div>
`;

exports[`DataModelCard matches snapshot with selection 1`] = `
.panther-27 {
  background-color: #1d2a3f;
  border-radius: 4px;
  overflow: hidden;
}

.panther-26 {
  background-color: transparent;
  padding: 16px;
}

.panther-25 {
  display: -webkit-box;
  display: -webkit-flex;
  display: -ms-flexbox;
  display: flex;
  position: relative;
  height: 100%;
}

.panther-24 {
  display: -webkit-box;
  display: -webkit-flex;
  display: -ms-flexbox;
  display: flex;
  -webkit-flex-direction: column;
  -ms-flex-direction: column;
  flex-direction: column;
  -webkit-box-pack: justify;
  -webkit-justify-content: space-between;
  justify-content: space-between;
  width: 100%;
}

.panther-14 {
  display: -webkit-box;
  display: -webkit-flex;
  display: -ms-flexbox;
  display: flex;
  -webkit-align-items: flex-start;
  -webkit-box-align: flex-start;
  -ms-flex-align: flex-start;
  align-items: flex-start;
  margin-bottom: 8px;
}

.panther-5 {
  font-weight: 500;
  margin-right: auto;
  max-width: 60%;
  word-break: break-word;
}

.panther-4 {
  -webkit-transition: color 0.1s ease-out;
  transition: color 0.1s ease-out;
  font-weight: 500;
  -webkit-text-decoration: none;
  text-decoration: none;
  color: #7fd3ff;
}

.panther-4:hover {
  color: #ace2ff;
}

.panther-4:focus {
  color: #ace2ff;
}

.panther-4:active,
.panther-4[data-active=true] {
  color: #11a5f3;
}

.panther-7 {
  font-size: 0.75rem;
  max-width: 20%;
  overflow: hidden;
  text-overflow: ellipsis;
  white-space: nowrap;
}

.panther-6 {
  margin-right: 4px;
  color: #86a3c3;
}

.panther-8 {
  padding-left: 8px;
  padding-right: 8px;
  font-size: 0.75rem;
  color: #86a3c3;
}

.panther-13 {
  margin-left: 8px;
  margin-top: -4px;
}

.panther-12 {
  outline: none;
  line-height: 1;
  border-radius: 99999px;
  height: 24px;
  width: 24px;
  -webkit-transition: background-color 200ms cubic-bezier(0.0, 0, 0.2, 1) 0ms;
  transition: background-color 200ms cubic-bezier(0.0, 0, 0.2, 1) 0ms;
  border: 1px solid;
  border-color: transparent;
  background-color: transparent;
  cursor: pointer;
  color: #f6f6f6;
  -webkit-text-decoration: none;
  text-decoration: none;
}

.panther-12:hover {
  background-color: rgba(62,81,107,0.3);
}

.panther-12:focus {
  background-color: rgba(62,81,107,0.3);
}

.panther-12:active,
.panther-12[data-active=true] {
  background-color: #3e516b;
}

.panther-11 {
  display: inline-block;
  vertical-align: sub;
  -webkit-flex-shrink: 0;
  -ms-flex-negative: 0;
  flex-shrink: 0;
  width: 16px;
  height: 16px;
  color: currentColor;
}

.panther-23 {
  display: -webkit-box;
  display: -webkit-flex;
  display: -ms-flexbox;
  display: flex;
  -webkit-box-flex-wrap: wrap;
  -webkit-flex-wrap: wrap;
  -ms-flex-wrap: wrap;
  flex-wrap: wrap;
}

.panther-23>*:not(:last-child) {
  margin-right: 32px;
}

.panther-20 {
  display: -webkit-box;
  display: -webkit-flex;
  display: -ms-flexbox;
  display: flex;
  -webkit-flex-direction: column;
  -ms-flex-direction: column;
  flex-direction: column;
  margin-top: 8px;
}

.panther-15 {
  color: #bdbdbd;
  font-size: 0.563rem;
  font-weight: 500;
}

.panther-19 {
  display: -webkit-inline-box;
  display: -webkit-inline-flex;
  display: -ms-inline-flexbox;
  display: inline-flex;
  -webkit-box-flex: 1;
  -webkit-flex-grow: 1;
  -ms-flex-positive: 1;
  flex-grow: 1;
  font-size: 0.875rem;
  font-weight: 500;
  opacity: 1;
  -webkit-align-items: center;
  -webkit-box-align: center;
  -ms-flex-align: center;
  align-items: center;
  min-height: 24px;
}

.panther-18 {
  display: -webkit-box;
  display: -webkit-flex;
  display: -ms-flexbox;
  display: flex;
  -webkit-align-items: center;
  -webkit-box-align: center;
  -ms-flex-align: center;
  align-items: center;
}

.panther-18>*:not(:last-child) {
  margin-right: 8px;
}

.panther-16 {
  width: 12px;
  height: 12px;
  background-color: hsl(49, 39%, 69%);
  border-radius: 99999px;
}

.panther-17 {
  font-size: 0.75rem;
  font-weight: 400;
  line-height: 1.5;
}

.panther-22 {
  display: -webkit-box;
  display: -webkit-flex;
  display: -ms-flexbox;
  display: flex;
  -webkit-align-items: flex-end;
  -webkit-box-align: flex-end;
  -ms-flex-align: flex-end;
  align-items: flex-end;
  margin-left: auto;
  margin-right: 0;
}

.panther-22>*:not(:last-child) {
  margin-right: 16px;
}

.panther-21 {
  display: -webkit-box;
  display: -webkit-flex;
  display: -ms-flexbox;
  display: flex;
  cursor: default;
  width: -webkit-fit-content;
  width: -moz-fit-content;
  width: fit-content;
  min-width: 85px;
  text-align: center;
  font-weight: 700;
  border-radius: 40px;
  -webkit-align-items: center;
  -webkit-box-align: center;
  -ms-flex-align: center;
  align-items: center;
  -webkit-box-pack: center;
  -ms-flex-pack: center;
  -webkit-justify-content: center;
  justify-content: center;
  font-size: 0.75rem;
  padding-top: 4px;
  padding-bottom: 4px;
  padding-left: 16px;
  padding-right: 16px;
  background-color: #3e516b;
}

.panther-3 {
  -webkit-transform: translate3d(-12px,-12px,0);
  -moz-transform: translate3d(-12px,-12px,0);
  -ms-transform: translate3d(-12px,-12px,0);
  transform: translate3d(-12px,-12px,0);
}

.panther-2 {
  display: -webkit-inline-box;
  display: -webkit-inline-flex;
  display: -ms-inline-flexbox;
  display: inline-flex;
  -webkit-align-items: center;
  -webkit-box-align: center;
  -ms-flex-align: center;
  align-items: center;
  cursor: pointer;
  font-size: 0.875rem;
  font-weight: 500;
  vertical-align: top;
}

.panther-1 {
  position: relative;
  border-radius: 99999px;
  padding: 8px;
  -webkit-transition: background-color 0.15s linear;
  transition: background-color 0.15s linear;
}

.panther-1:hover {
  background-color: rgba(62,81,107,0.2);
}

.panther-1:hover:after {
  border-color: #0081c5;
}

.panther-1:focus-within {
  background-color: rgba(62,81,107,0.2);
}

.panther-1:focus-within:after {
  border-color: #0081c5;
}

.panther-1::before {
  content: url( 'data:image/svg+xml; utf8,<svg xmlns="http://www.w3.org/2000/svg" width="18" height="18" viewBox="0 0 20 18" fill="white"><path d="M7 14.17L2.83 10l-1.41 1.41L7 17 19 5l-1.41-1.42L7 14.17z" /></svg>' );
  display: block;
  position: absolute;
  width: -webkit-fit-content;
  width: -moz-fit-content;
  width: fit-content;
  height: -webkit-fit-content;
  height: -moz-fit-content;
  height: fit-content;
  opacity: 0;
  -webkit-transition: opacity 200ms cubic-bezier(0.0, 0, 0.2, 1) 0ms;
  transition: opacity 200ms cubic-bezier(0.0, 0, 0.2, 1) 0ms;
  top: 0;
  left: 0;
  right: 0;
  bottom: 0;
  margin: auto;
}

.panther-1::after {
  content: "";
  display: block;
  width: 26px;
  height: 26px;
  border: 1px solid;
  border-radius: 2px;
  -webkit-transition: border-color 125ms cubic-bezier(0.0, 0, 0.2, 1) 0ms;
  transition: border-color 125ms cubic-bezier(0.0, 0, 0.2, 1) 0ms;
  border-color: #3e516b;
}

.panther-0 {
  cursor: pointer;
  position: absolute;
  opacity: 0;
}

<div>
  <header
    id="main-header"
  />
  <section
    class="panther-27"
  >
    <div
      class="panther-26"
    >
      <div
        class="panther-25"
      >
        <div
          class="panther-3"
        >
          <label
            class="panther-2"
          >
            <div
              class="panther-1"
            >
              <input
                aria-checked="false"
                aria-label="select item"
                class="panther-0"
                type="checkbox"
              />
            </div>
          </label>
        </div>
        <div
          class="panther-24"
        >
          <header
            class="panther-14"
          >
            <h4
              class="panther-5"
            >
              <a
                class="panther-4"
                href="/log-analysis/data-models/97c37f76-8bd8-4def-b4ab-7bfe83d62081/"
              >
                collaboration
              </a>
            </h4>
            <div
              class="panther-7"
            >
              <span
                class="panther-6"
              >
                ID
              </span>
              97c37f76-8bd8-4def-b4ab-7bfe83d62081
            </div>
            <span
              class="panther-8"
            >
              â€¢
            </span>
            <div
              class="panther-7"
            >
              <span
                class="panther-6"
              >
                Updated
              </span>
              2020-08-20 04:58 GMT
            </div>
            <div
              class="panther-13"
            >
              <button
                aria-controls="menu--4"
                aria-haspopup="true"
                aria-label="Toggle Options"
                aria-pressed="false"
                class="panther-12"
                data-reach-menu-button=""
                id="menu-button--menu--4"
                type="button"
              >
                <svg
                  class="panther-11"
                  role="presentation"
                  viewBox="0 0 24 24"
                >
                  <path
                    d="M6 10C4.9 10 4 10.9 4 12C4 13.1 4.9 14 6 14C7.1 14 8 13.1 8 12C8 10.9 7.1 10 6 10ZM18 10C16.9 10 16 10.9 16 12C16 13.1 16.9 14 18 14C19.1 14 20 13.1 20 12C20 10.9 19.1 10 18 10ZM12 10C10.9 10 10 10.9 10 12C10 13.1 10.9 14 12 14C13.1 14 14 13.1 14 12C14 10.9 13.1 10 12 10Z"
                  />
                </svg>
              </button>
            </div>
          </header>
          <div
            class="panther-23"
          >
            <dl
              class="panther-20"
            >
              <dt
                aria-labelledby="log-typeobject-object"
                class="panther-15"
              >
                Log Type
              </dt>
              <dd
                aria-labelledby="log-typeobject-object"
                class="panther-19"
              >
                <div
                  class="panther-18"
                >
                  <span
                    class="panther-16"
                  />
                  <span
                    class="panther-17"
                  >
                    enterprise
                  </span>
                </div>
              </dd>
            </dl>
            <div
              class="panther-22"
            >
              <div
                aria-atomic="true"
                class="panther-21"
                role="status"
              >
                DISABLED
              </div>
            </div>
          </div>
        </div>
      </div>
    </div>
  </section>
  <footer
    id="footer"
  />
</div>
`;
