// Jest Snapshot v1, https://goo.gl/fbAQLP

exports[`NoDataFound matches snapshot 1`] = `
.panther-2 {
  display: -webkit-box;
  display: -webkit-flex;
  display: -ms-flexbox;
  display: flex;
  -webkit-flex-direction: column;
  -ms-flex-direction: column;
  flex-direction: column;
  -webkit-box-pack: center;
  -ms-flex-pack: center;
  -webkit-justify-content: center;
  justify-content: center;
  -webkit-align-items: center;
  -webkit-box-align: center;
  -ms-flex-align: center;
  align-items: center;
  height: 100%;
}

.panther-0 {
  max-width: 100%;
}

.panther-1 {
  font-weight: 400;
  font-size: 1.125rem;
  color: #86a3c3;
  margin-top: 24px;
}

<div>
  <header
    id="main-header"
  />
  <div
    class="panther-2"
  >
    <img
      alt="Charts"
      class="panther-0"
      height="90"
      src="test-file-stub"
      width="80"
    />
    <h1
      class="panther-1"
    >
      You don't have any data
    </h1>
  </div>
  <footer
    id="footer"
  />
</div>
`;
