// Jest Snapshot v1, https://goo.gl/fbAQLP

exports[`RuleFormTestResult matches the snapshot 1`] = `
.panther-25 {
  background-color: #23344e;
  border-radius: 4px;
  padding: 16px;
}

.panther-24 {
  display: -webkit-box;
  display: -webkit-flex;
  display: -ms-flexbox;
  display: flex;
  -webkit-align-items: flex-start;
  -webkit-box-align: flex-start;
  -ms-flex-align: flex-start;
  align-items: flex-start;
}

.panther-24>*:not(:last-child) {
  margin-right: 16px;
}

.panther-0 {
  display: -webkit-box;
  display: -webkit-flex;
  display: -ms-flexbox;
  display: flex;
  cursor: default;
  width: -webkit-fit-content;
  width: -moz-fit-content;
  width: fit-content;
  min-width: 85px;
  text-align: center;
  font-weight: 700;
  border-radius: 40px;
  -webkit-align-items: center;
  -webkit-box-align: center;
  -ms-flex-align: center;
  align-items: center;
  -webkit-box-pack: center;
  -ms-flex-pack: center;
  -webkit-justify-content: center;
  justify-content: center;
  font-size: 0.75rem;
  padding-top: 4px;
  padding-bottom: 4px;
  padding-left: 16px;
  padding-right: 16px;
  background-color: #50931d;
}



.panther-1 {
  font-weight: 500;
  font-size: 1.125rem;
}

.panther-22 {
  display: grid;
  grid-row-gap: 8px;
  grid-column-gap: 16px;
  grid-template-columns: max-content 1fr;
  word-break: break-word;
  font-size: 0.875rem;
  font-weight: 500;
  margin-top: 8px;
}

.panther-2 {
  color: #86a3c3;
}

.panther-3 {
  color: #e85959;
}

<div>
  <header
    id="main-header"
  />
  <article
    class="panther-25"
  >
    <div
      class="panther-24"
    >
      <div
        aria-atomic="true"
        class="panther-0"
        role="status"
      >
        PASS
      </div>
      <div
        class="panther-23"
        spacing="2"
      >
        <h2
          class="panther-1"
        >
          Pants
        </h2>
        <dl
          class="panther-22"
        >
          <dt
            class="panther-2"
          >
            Error
          </dt>
          <dd
            class="panther-3"
          >
            deposit
          </dd>
          <dt
            class="panther-2"
          >
            Rule Body
          </dt>
          <dd
            class="panther-3"
          >
            deposit
          </dd>
          <dt
            class="panther-2"
          >
            Alert Title
          </dt>
          <dd
            class="panther-3"
          >
            deposit
          </dd>
          <dt
            class="panther-2"
          >
            Dedup String
          </dt>
          <dd
            class="panther-3"
          >
            deposit
          </dd>
          <dt
            class="panther-2"
          >
            Reference
          </dt>
          <dd
            class="panther-3"
          >
            deposit
          </dd>
          <dt
            class="panther-2"
          >
            Runbook
          </dt>
          <dd
            class="panther-3"
          >
            deposit
          </dd>
          <dt
            class="panther-2"
          >
            Description
          </dt>
          <dd
            class="panther-3"
          >
            deposit
          </dd>
          <dt
            class="panther-2"
          >
            Severity
          </dt>
          <dd
            class="panther-3"
          >
            deposit
          </dd>
          <dt
            class="panther-2"
          >
            Destination Overrides
          </dt>
          <dd
            class="panther-3"
          >
            deposit
          </dd>
          <dt
            class="panther-2"
          >
            Alert Context
          </dt>
          <dd
            class="panther-3"
          >
            deposit
          </dd>
        </dl>
      </div>
    </div>
  </article>
  <footer
    id="footer"
  />
</div>
`;
